Title: SAMS ASSEMBLER

Name: Samuel Okei 

Instructor: Dr Micheal Helm 

R-Number: 11550144 

0           0200                                                                 ;-------------------------------------------------------------------------------

1           0200                                                                 ;   Test source code for Advanced Microcontroller Software 

2           0200                                                                 ;

3           0200                                                                 ;    Filename: TestSourceCodeE.s43

4           0200                                                                 ;

5           0200                                                                 ;   Purpose:  To provide test code for the class Assembler Project

6           0200                                                                 ;

7           0200                                                                 ;   Target: TI MSP430 family - simulation

8           0200                                                                 ;

9           0200                                                                 ;       Date:           Aug 8, 2017

10          0200                                                                 ;       Last Revision:  1.0  

11          0200                                                                 ;                       

12          0200                                                                 ;       Written by:     Dr. Michael Helm, ECE dept, Texas Tech University

13          0200                                                                 ;       Adapted from:   earlier example code

14          0200                                                                 ;       Assembler/IDE:  class assembler project

15          0200                                                                 ;

16          0200                                                                 ;       HW I/O assignments: none assigned for this example

17          0200                                                                 ;-------------------------------------------------------------------------------

18          0200                                                                 ; Definition of Constants

19          0200                                                                 ;-------------------------------------------------------------------------------

20          0200                                                                 ; Watchdog timer definitions

21          0120                                      WDTCTL                     EQU 0x0120
22          0022                                      P1DIR                      EQU 0x0022
23          0021                                      P1OUT                      EQU 0x0021
24          0200                                                                 ;-------------------------------------------------------------------------------

25          0200                                                                 ; Definition of Variables

26          0200                                                                 ;-------------------------------------------------------------------------------

27          0200                                                                 ORG 0x0200 ; beginning of RAM space
28          0200                                      LoopCount                  DB 0
29          0201                                                                 Count DB 0
30          0202                                      BigVar                     DW 0
31          0204                                                                 ;-------------------------------------------------------------------------------

32          c000                                                                 ORG 0xC000 ; Program Reset (prog memory start)
33          c000                                                                 ; this is Program memory start
34          c000                                                                 ; address for MSP430G2553 (16K)
35          c000                                                                 ;-------------------------------------------------------------------------------

36          c000           b0400004                   RESET                      mov.w #0x0400, SP ; Initialize stackpointer(to end of RAM +1)
37          c006                                                                 ; RAM is 512 bytes, last position is 3FFh
38          c006           b040805a2001               StopWDT                    mov.w #0x5A80, &WDTCTL ; Stop WDT (Watchdog timer)
39          c00c           f04041002200               SetupP1                    mov.b #0x41, &P1DIR
40          c012           f0400400c801                                          mov.b #0x04, &P1REN
41          c018           f04004002100                                          mov.b #0x04, &P1OUT
42          c01e           b04056340202                                          mov.w #3456, &BigVar
43          c024                                                                 swpb &BigVar
44          c024                                      MainProgramStart           
45          c024                                                                 bis.b #0x41,
46          c028           1f40                       Again_?                    mov , R15
47          c02c                                      LoopTop                    dec.c R15
48          c02c           0820                                                  jnz LoopTop
49          c02e           f0c041008703                                          bic.b #0x41, &P2OUT
50          c034                                                                 AgainA mov #0xEFFF, R15
51          c034                                      LoopTop                    dec R15
52          c036           0008                                                  jnz LoopTopA
53          c038                                                                 jmp MainProgramStart
54          c038                                                                 ;-------------------------------------------------------------------------------

55          c038                                                                 ;           End of main code

56          c038                                                                 ;-------------------------------------------------------------------------------                                            

57          c038                                                                 ;-------------------------------------------------------------------------------

58          c038                                                                 ;           Subroutines

59          c038                                                                 ;------------------------------------------------------------------------------- 

60          c038                                                                 ; none used here

61          c038                                                                 ;-------------------------------------------------------------------------------

62          c038                                                                 ;           End of all Subroutines

63          c038                                                                 ;-------------------------------------------------------------------------------

64          c038                                                                 ;-------------------------------------------------------------------------------

65          c038                                                                 ;           Definition of Program Data Memory 

66          c038                                                                 ;-------------------------------------------------------------------------------

67          c038                                                                 ;none used here

68          c038                                                                 ;-------------------------------------------------------------------------------

69          c038                                                                 ;           Interrupt Vectors

70          c038                                                                 ;-------------------------------------------------------------------------------

71          fffe                                                                 ORG 0xFFFE ; MSP430 RESET Vector
72          fffe                                                                 DW RESET ; establishes the label RESET as
73          0000                                                                 ; the starting point
74          0000                                                                 ;-------------------------------------------------------------------------------                                            

75          0000                                                                 END ; END of all code for this program
76          0000                                                                 ;-------------------------------------------------------------------------------

77          0000                                                                 ;-------------------------------------------------------------------------------

SYMBOL TABLE

LABEL                        :    VALUE                    

Again_?                      :    0xc028                  
BigVar                       :    0x202                   
LoopCount                    :    0x200                
LoopTop                      :    0xc034                  
MainProgramStart             :    0xc024         
P1DIR                        :    0x22                    
P1OUT                        :    0x21                    
P1REN                        :    0x1c8                    
P2OUT                        :    0x387                    
RESET                        :    0xc000                    
SetupP1                      :    0xc00c                  
StopWDT                      :    0xc006                  
WDTCTL                       :    0x120                   

CODE GEN TABLE

     N/O      :    ADDRESS          :     OPCODE           :     BYTE/WORD                      :     SOURCE ADRS MODE                             :       DEST ADRS MODE     

     36       :    0xc000           :     mov              :     word operation                 :      Immediate mode                               :       Indexed/Absolute or Addressing mode     
     38       :    0xc006           :     mov              :     word operation                 :      Immediate mode                               :       Indexed/Absolute or Addressing mode     
     39       :    0xc00c           :     mov              :     byte operation                 :      Immediate mode                               :       Indexed/Absolute or Addressing mode     
     40       :    0xc012           :     mov              :     byte operation                 :      Immediate mode                               :       Indexed/Absolute or Addressing mode     
     41       :    0xc018           :     mov              :     byte operation                 :      Immediate mode                               :       Indexed/Absolute or Addressing mode     
     42       :    0xc01e           :     mov              :     word operation                 :      Immediate mode                               :       Indexed/Absolute or Addressing mode     
     46       :    0xc028           :     mov              :     word operation                 :      Indexed/Absolute or Addressing mode          :       Register mode     
     48       :    0xc02c           :     jnz              :                                    :                                                   :                      
     49       :    0xc02e           :     bic              :     byte operation                 :      Immediate mode                               :       Indexed/Absolute or Addressing mode     
     51       :    0xc034           :     sub              :     word operation                 :      Absolute, Indexed or Symbolic mode           :       Register       
     52       :    0xc036           :     jnz              :                                    :                                                   :                      

ERROR MESSAGES

29: Instruction Error
52: Incorrect Operand Error
53: Instruction Error
47: Instruction Error
46: Incorrect Operand Error
43: Instruction Error
51: duplicate label: LoopTop
50: Instruction Error
